// Jest Snapshot v1, https://goo.gl/fbAQLP

exports[`App should render layout 1`] = `
Array [
  <div
    style={
        Object {
            "overflow": "hidden",
          }
    }
>
    <NavBar />
    <Connect(WithStyles(Contact)) />
</div>,
]
`;
